[    0.000000] Linuxversion 4.15.0-55-generc (buildd@lcy01-amd64-029) (gcc version 7.4.0 (Ubuntu 7.4.0-1ubuntu1~18.04.1) #60-Ubuntu SMP Tue Jul 2 18:22:20 UTC 2019 (Ubuntu 4.15.0-55.60-generic 4.15.18)
[    0.000000] Command line: BOT_IMAGE=/boot/vmlinuz-4.15.0-55-generic root=UUID=7e8b22db-9849-4abd-a8e3-491271b94bd0 ro console=tty1 console=ttyS0
[    0.000000] KERNEL supported cpus:
[    0.000000]   Intel GenuineIntel
[    0.000000]   AMD AuthenticAMD
[    0.000000]   Centaur CentaurHauls
[    0.000000] x86/fpu: Supporting XSAVE feature 0x001: 'x87 floating point registers'
[    0.000000] x86/fpu: Supporting XSAVE feature 0x002: 'SSE registers'
[    0.000000] x86/fpu: Supporting XSAVE feature 0x04: 'AVX registers'
[    0.000000] x86/fpu: xstate_offset[2]:  576, xtate_sizes[2]:  256
[    0.000000] x86/fpu: Enabled xstate features 0x7, context size is 832 bytes, using 'standard' format.
[    0.000000] e820: BIOS-provided physical RAM map:
[    0.000000] BIOS-e820: [mem 0x0000000000000000-0x000000000009fbff] usable
[    0.000000] BIOS-e820: [mem 0x000000000009fc00-0x000000000009ffff] reserved
[    0.000000] BIOS-e820: [mem 0x00000000000f0000-0x00000000000fffff] reserved
[    0.000000] BIOS-e820: [mem 0x0000000000100000-0x000000003ffeffff] usable
[    0.000000] BIOS-e820: [mem 0x000000003fff0000-0x000000003fffffff] ACPI data
[    0.000000] BIOS-e820: [mem 0x00000000fec00000-000000000fec00fff] reserved
[    0.000000] BIOS-e820: [mem 0x00000000fee00000-0x00000000fee00fff]reserved
[    0.00000] BIOSe820: [mem 0x00000000fffc0000-0x00000000ffffffff] reserved
[    0.00000] NX (Execute Disable) protection activ
[    0.000000] SMBIOS 2.5 present.
[    0.000000] DMI: innotek GmbH VirtualBx/VirtualBox, BIOS VirtualBox 12/01200
[    0.000000] Hypervisor dtected: KVM
[    0.00000] e820: last_pfn = 0x3fff0 mx_rch_pfn = 0x400000000
[    0.000000] MTRR: isabed
[    0.000000] x86/PAT: MTRRs disbled, skiping PAT initializatin too.
[    0.00000] CPU MTRRs all blank - virtualized system.
[    0.000000] x86/PAT: Coniguration [0-7]: WB  WT  UC- UC  WB  WT  UC- UC  
[    0.000000] found SMP MP-table at [mem 0x0009fff0-0x0009ffff mapped at[        (ptrval)]
    0.000000] Scanning 1areas for low memory orruption
[    0000000] RAMDISK: [mem 0x3595000-0x36cb9fff]
[    0.00000] ACPI: Early tble checsum verification disabled
[    0.000000] ACPI: RSDP 0x00000000000E0000 000024 (v02 VBOX  )
[    0.000000] ACPI: XSDT 0x000000003FFF0030 00003C (v01 VBOX   VBOXXSDT 00000001 ASL  00000061)
[    0.000000] ACPI: FACP 0x000000003FFF00F0 0000F4 (v04 VBOX   VBOXFACP 00000001 ASL  00000061)
[    0.000000] ACPI: DSDT 0x000000003FFF0470 0021FF (v02 VBOX   VBOXBIOS 00000002 INTL 20100528)
[    0.000000] ACPI: FACS 0x000000003FFF0200 000040
[    0.000000] ACPI: FACS 0x000000003FFF0200 000040
[    0.000000] ACPI: APIC 0x000000003FFF0240 00005C (v02 VBOX   VBOXAPIC 00000001 ASL  00000061)
[    0.000000] ACPI: SSDT 0x000000003FFF02A0 0001CC (v01 VBOX   VBOXCPUT 0000002 INTL 20100528)
[    0.000000] No NUMA configuration found
[    0.000000] Faking a node at [mem 0x0000000000000000-0x000000003ffeffff]
[    0.000000] NODE_DATA(0) allocated [mem 0x3ffc5000-0x3ffeffff]
[    0.000000] kvm-clock: cpu 0, msr 0:3ff44001, primary cpu clock
[    0.000000] kvm-clockUsing msrs 4b564d01 and4b564d00
    0.000000] kvm-clock: using sche offset o 6657774493 cycles
[    0.00000] locksource: kvm-clock: mask: 0xffffffffffffffff max_cycles: 0x1cd42e4dffb, max_idle_ns: 881590591483 ns
[    0.000000] Zone ranges:
[    0.000000]   DMA      [mem 0x0000000000001000-0x0000000000ffffff]
[    0.000000]   DMA32    [mem 0x0000000001000000-0x000000003ffeffff]
[    0.000000]   Normal   empty
[    0.000000]   Device   empty
[    0.000000] Movable zone start for each node
[    0.000000] Early meor node ranges
[    0.000000]   node   0: [me 0x000000000001000-0x000000000009efff]
[    0.000000]   node   0: [mm 0x000000000100000-0x00000003ffeffff]
[    0.000000] Reserved but unavailable: 114 pages
[    0.000000] Initmem setup node 0 [mem 0x0000000000001000-0x000000003feffff]
    0.000000] ACPI PM-TimerIO Port: 0x400
[    0.000000] IAPIC[0]: apic_id 2, verson 32, address 0fec00000, GSI 0-2
[    0.00000] ACPI: INT_SRC_OVR (us 0 us_irq 0 global_irq 2 dfl dfl)
[    0.00000] ACPI: NT_SRC_OVR (bus 0 bus_irq 9 global_irq 9 low level)
[    0.000000] Using ACPI (MADT) for SMP configuration information
[    0.000000] smpboot: Allowing 2 CPUs, 0 hotplug CPUs
[    0.000000] PM: Registered nosave memory: [mem 0x00000000-0x00000fff]
[    0.000000] PM: Registered nosave memory: [mem 0x0009f000-0x0009ffff]
[    0.000000] PM: Registered nosave memory: [mem 0x000a0000-0x000effff]
[    0.00000] PM: Registered osav memory: [mem 0x000f000-0000fffff]
[    0.000000] e820: [mem 0x40000000-0xfebfffff] available for PCI devices
[    0.000000] Booting paravirtualized kernel on KVM
[    0.000000] clocksource: refined-jiffies: mask: 0xffffffff max_cycles: 0xffffffff, max_idle_ns: 7645519600211568 ns
[    0.000000] random: get_random_bytes called from start_kernel+0x99/0x4fd with crng_init=0
[    0.000000] setup_percpu: NR_CPUS:8192 nr_cpumask_bits:2 nr_cpu_ids:2 nr_node_ids:1
[    0.000000] percpu: Embedded 46 pages/cpu @        (ptrval) s151552 r8192 d28672 u1048576
[    0.000000] PV qspinlocck hash table entries: 256 (order: 0, 4096 bytes)
[    0.000000] Built 1 zonelists, mobility grouping on.  Total pages: 257913
[    0.000000] Policy zone: DMA32
[    0.000000] Kernel command lne: BOOT_IMAGE=/boot/vmlinuz-4.15.0-55-generic root=UUID=7e8b22db-9849-4abd-a8e3-491271b94bd0 ro console=tty1 console=ttyS0
[    0.000000] Memory: 982916K/1048120K available (12300K kernel code, 2473K rwdata, 4276K rodata, 2408K init, 2416K bss, 65204K reserved, 0K cma-reserved)
[    0.000000] SLUB: HWalign=64, Order=0-3, MinObjects=0, CPUs=2, Nodes=1
[    0.000000] Kernel/User page tables isolation: enabled
[    0.000000] ftrace: allocating 39219 entries in 154 pages
[    0.004000] Hierarchical RCU implementation.
[    .004000] 	RCU restricting CPUs from NR_CPUS=8192 to nr_cpu_ids=2.
[    0.004000] 	Tasks RCU enabld.
[    0.004000] RCU: Adjusting geometryfor rcu_fanout_leaf=16, nr_cpu_ids=
[    0.004000] NR_IRQS: 524544, nr_irqs: 440, preallocated irqs: 16
[    0.004000] Console: colour VGA+ 80x25
[    0.004000] console [tty1] enabled
[    0.004000] console[ttyS0] enabled
[    0.004000] ACPI: Core revision 20170831
[    0.004000] ACPI: 2 ACPI AML tables successfully acquired and loaded
[    0.004000] APIC: Switch to symmetric I/O mode setup
[    0.004000] x2apic enabled
[    0.004000] Switched APIC routing to physical x2apc.
[    0.005099] ..TIMER: vector=0x30 apic1=0 pin1=2 apic2=-1 pin2=-1
[    0.008003] tsc: Detected 1799.999 MHz processor
[    0.012011] Calibrating delay loop (skipped) preset value.. 3599.99 BogoMIPS (lpj=7199996)
[    0.016004] pid_max: default: 32768 minimum: 301
[    0.020039] Security Framework initialized
[    0.024004] Yama: becoming mindful.
[    0.025381] AppArmor: AppArmor initialized
[    0.029845] Dentry cache hash table entries: 131072 (order: 8, 1048576 bytes)
[    0.032089] Inode-cache hash table entries: 65536 (order: 7, 524288 bytes)
[    0.034257] Mount-cache hash table entries: 2048 (order: 2, 16384 bytes)
[    0.036007] Mountpoint-cache hash table entries: 2048 (order: 2, 16384 bytes)
[    0.038273] mce: CPU supports 0 MCE banks
[    0.040020] Last level iTLB entries: 4KB 64, 2MB 8, 4MB 8
[    0.042982] Last level dTLB entries: 4KB 64, 2MB 0, 4MB 0, 1GB 4
[    0.044005] Spectre V2 : Mitigation: Full generic retpoline
[    0.048004] Spectre V2 : Spectre v2 / SpectreRSB mitigation: Filling RSB on context switch
[    0.050389] Speculative Store Bypass: Vulnerable
[    0.052055] MDS: Vulnerable: Clear CPU buffers attempted, no microcode
[    0.054705] Freeing SMP alternatives memory: 36K
[    0.060000] smpboot: CPU0: Intel(R) Core(TM) i5-5350U CPU @ 1.80GHz (family: 0x6, model: 0x3d, stepping: 0x4)
[    0.060098] Performance Events: unsupported p6 CPU model 61 no PMU driver, software events only.
[    0.064058] Hierarchical SRCU implementation.
[    0.068621] NMI watchdog: Perf event create on CPU 0 failed with -2
[    0.072003] NMI watchdog: Perf NMI watchdog permanently disabled
[    0.076073] smp: Bringing up secondary CPUs ...
[    0.080135] x86: Booting SMP configuration:
[    0.084010] .... node  #0, CPUs:      #1
[    0.004000] kvm-clock: cpu 1, msr 0:3ff44041, secondary cpu clock
[    0.004000] mce: CPU supports 0 MCE banks
[    0.090462] smp: Brought up 1 node, 2 CPUs
[    0.092007] smpboot: Max logical packages: 1
[    0.094027] smpboot: Total of 2 processors activated (7199.99 BogoMIPS)
[    0.096157] devtmpfs: initialized
[    0.099246] x86/mm: Memory block size: 128MB
[    0.100281] evm: security.selinux
[    0.102080] evm: security.SMACK64
[    0.104011] evm: security.SMACK64EXEC
[    0.108004] evm: security.SMACK64TRANSMUTE
[    0.110872] evm: security.SMACK64MMAP
[    0.112003] evm: security.apparmor
[    0.113728] evm: security.ima
[    0.114909] evm: security.capability
[    0.116127] clocksource: jiffies: mask: 0xffffffff max_cycles: 0xffffffff, max_idle_ns: 7645041785100000 ns
[    0.120015] futex hash table entries: 512 (order: 3, 32768 bytes)
[    0.124086] pinctrl core: initialized pinctrl subsystem
[    0.129941] RTC time:  6:24:49, date: 08/18/19
[    0.132222] NET: Registered protocol family 16
[    0.136089] audit: initializing netlink subsys (disabled)
[    0.140049] audit: type=2000 audit(1566109494.644:1): state=initialized audit_enabled=0 res=1
[    0.156010] cpuidle: using governor ladder
[    0.160013] cpuidle: using governor menu
[    0.161801] ACPI: bus type PCI registered
[    0.164005] acpiphp: ACPI Hot Plug PCI Controller Driver version: 0.5
[    0.168258] PCI: Using configuration type 1 for base access
[    0.173760] HugeTLB registered 2.00 MiB page size, pre-allocated 0 pages
[    0.180292] ACPI: Added _OSI(Module Device)
[    0.182213] ACPI: Added _OSI(Processor Device)
[    0.184015] ACPI: Added _OSI(3.0 _SCP Extensions)
[    0.185484] ACPI: Added _OSI(Processor Aggregator Device)
[    0.188014] ACPI: Added _OSI(Linux-Dell-Video)
[    0.192007] ACPI: Added _OSI(Linux-Lenovo-NV-HDMI-Audio)
[    0.196007] ACPI: Added _OSI(Linux-HPI-Hybrid-Graphics)
[    0.200056] ACPI: Executed 1 blocks of module-level executable AML code
[    0.208223] ACPI: Interpreter enabled
[    0.210466] ACPI: (supports S0 S5)
[    0.212004] ACPI: Using IOAPIC for interrupt routing
[    0.216253] PCI: Using host bridge windows from ACPI; if necessary, use "pci=nocrs" and report a bug
[    0.220275] ACPI: Enabled 2 GPEs in block 00 to 07
[    0.232370] ACPI: PCI Root Bridge [PCI0] (domain 0000 [bus 00-ff])
[    0.236015] acpi PNP0A03:00: _OSC: OS supports [ASPM ClockPM Segments MSI]
[    0.240103] acpi PNP0A03:00: _OSC: not requesting OS control; OS requires [ExtendedConfig ASPM ClockPM MSI]
[    0.244050] acpi PNP0A03:00: fail to add MMCONFIG information, can't access extended PCI configuration space under this bridge.
[    0.248709] PCI host bridge to bus 0000:00
[    0.252011] pci_bus 0000:00: root bus resource [io  0x0000-0x0cf7 window]
[    0.256009] pci_bus 0000:00: root bus resource [io  0x0d00-0xffff window]
[    0.260010] pci_bus 0000:00: root bus resource [mem 0x000a0000-0x000bffff window]
[    0.264007] pci_bus 0000:00: root bus resource [mem 0x40000000-0xfdffffff window]
[    0.268010] pci_bus 0000:00: root bus resource [bus 00-ff]
[    0.277183] pci 0000:00:01.1: legacy IDE quirk: reg 0x10: [io  0x01f0-0x01f7]
[    0.280008] pci 0000:00:01.1: legacy IDE quirk: reg 0x14: [io  0x03f6]
[    0.284008] pci 0000:00:01.1: legacy IDE quirk: reg 0x18: [io  0x0170-0x0177]
[    0.288005] pci 0000:00:01.1: legacy IDE quirk: reg 0x1c: [io  0x0376]
[    0.326462] pci 0000:00:07.0: quirk: [io  0x4000-0x403f] claimed by PIIX4 ACPI
[    0.328076] pci 0000:00:07.0: quirk: [io  0x4100-0x410f] claimed by PIIX4 SMB
[    0.354715] ACPI: PCI Interrupt Link [LNKA] (IRQs 5 9 10 *11)
[    0.356404] ACPI: PCI Interrupt Link [LNKB] (IRQs 5 9 *10 11)
[    0.360186] ACPI: PCI Interrupt Link [LNKC] (IRQs 5 *9 10 11)
[    0.364206] ACPI: PCI Interrupt Link [LNKD] (IRQs 5 9 10 *11)
[    0.368497] SCSI subsystem initialized
[    0.372076] pci 0000:00:02.0: vgaarb: setting as boot VGA device
[    0.376000] pci 0000:00:02.0: vgaarb: VGA device added: decodes=io+mem,owns=io+mem,locks=none
[    0.376009] pci 0000:00:02.0: vgaarb: bridge control possible
[    0.380008] vgaarb: loaded
[    0.380940] ACPI: bus type USB registered
[    0.382312] usbcore: registered new interface driver usbfs
[    0.384043] usbcore: registered new interface driver hub
[    0.388060] usbcore: registered new device driver usb
[    0.390349] EDAC MC: Ver: 3.0.0
[    0.392474] PCI: Using ACPI for IRQ routing
[    0.396275] NetLabel: Initializing
[    0.397735] NetLabel:  domain hash size = 128
[    0.399574] NetLabel:  protocols = UNLABELED CIPSOv4 CALIPSO
[    0.400026] NetLabel:  unlabeled traffic allowed by default
[    0.404148] clocksource: Switched to clocksource kvm-clock
[    0.432024] VFS: Disk quotas dquot_6.6.0
[    0.434706] VFS: Dquot-cache hash table entries: 512 (order 0, 4096 bytes)
[    0.439054] AppArmor: AppArmor Filesystem Enabled
[    0.442175] pnp: PnP ACPI init
[    0.447772] pnp: PnP ACPI: found 3 devices
[    0.470967] clocksource: aci_pm: mask: 0xffffff max_ycles: 0xffffff, max_idl_ns: 208701024 n
[    0.67408] NET: Registered protocol family 2

[    0.637695] TCP established hash table entries: 8192 (order: 4, 65536 bytes)
[    0.62544 TCP bindhash table etries: 819 (orer: 5, 13107 bytes)
[    0.820827] TCP: Hash tables configured (established 8192 ind 8192)

[    0.81524] UDP hash table entres: 512 (order:  1638 bytes)
    0.90827] UDP-Lite hash table entries: 512 (order: 2, 1638 bytes)
[    1.073136] NET: Registered protocol family 1
[    1.100937] pci 0000:00:00.0: imiting direct CI/PCI transfers
[    1.5765] pci0000:00:010: Activating ISA DMA hang workarounds
    1.26308] pci 000:00:02.0: Vieo devicewith shadowe ROM at [em 0x00c000-0x000dfff]
[    1.538966] Unpacking initramfs...

[    1.944526] Freeing initrd memory: 19668K
[    1.956330] clocksource: tsc: mask: 0xffffffffffffffff max_cycles: 0x19f228ab7a2, max_idle_ns: 440795289252 ns
[    1.960705] platform rtc_cmos: registered platform RTC device (no PNP device found)
[    1.964310] Scanning for low memory corruption every 60 seconds
[    1.971891] Initialise system trusted keyrings
[    1.974507] Key type blacklist registered
[    1.975972] workingset: timestamp_bits=36 max_order=18 bucket_order=0
[    1.978992] zbud: loaded
[    1.980527] squashfs: version 4.0 (2009/01/31) Phillip Lougher
[    1.982951] fuse init (API version 7.26)
[    1.989374] Key type asymmetric registered
[    1.991363] Asymmetric key parser 'x509' registered
[    1.998250] Block layer SCSI generic (bsg) driver version 0.4 loaded (major 246)
[    2.003823] io scheduler noop registered
[    2.013474] io scheduler deadline registered
[    2.019214] io scheduler cfq registered (default)
[    2.022664] ACPI: AC Adapter [AC] (off-line)
[    2.030006] input: Power Button as /devices/LNXSYSTM:00/LNXPWRBN:00/input/input0
[    2.040081] ACPI: Power Button [PWRF]
[    2.043495] input: Sleep Button as /devices/LNXSYSTM:00/LNXSLPBN:00/input/input1
[    2.057033] ACPI: Sleep Button [SLPF]
[    2.060650] ACPI: Battery Slot [BAT0] (battery present)
[    2.070103] Serial: 8250/16550 driver, 32 ports, IRQ sharing enabled
[   2.101683] 00:02: tyS0 at I/O 0x3f8 (irq= 4, base_bad = 11500 is a 6550A
[    2.293976] Linux agpgart interface v0.103
[    2.298386] loop: module loaded
[    2.300719] scsi host0: ata_piix
[    2.302831] scsi host1: ata_piix
[    2.303917] ata1: PATA max UDMA/33 cmd 0x1f0 ctl 0x3f6 bmdma 0xd000 irq 14
[    2.306117] ata2: PATA max UDMA/33 cmd 0x170 ctl 0x376 bmdma 0xd008 irq 15
[    2.308757] libphy: Fixed MDIO Bus: probed
[    2.310776] tun: Universal TUN/TAP device driver, 1.6
[    2.312865] PPP generic driver version 2.4.2
[    2.314397] ehci_hcd: USB 2.0 'Enhanced' Host Controller (EHCI) Driver
[    2.316323] ehci-pci: EHCI PCI platform driver
[    2.325069] ehci-platform: EHCI generic platform driver
[    2.336825] ohci_hcd: USB 1.1 'Open' Host Controller (OHCI) Driver
[    2.339359] ohci-pci: OHCI PCI platform driver
[    2.341896] ohci-platform: OHCI generic platform driver
[    2.360650] uhci_hcd: USB Universal Host Controller Interface driver
[    2.380835] i8042: PNP: PS/2 Controller [PNP0303:PS2K,PNP0f03:PS2M] at 0x60,0x64 irq 1,12
[    2.413386] serio: i8042 KBD port at 0x60,0x64 irq 1
[    2.428879] serio: i8042 AUX port at 0x60,0x64 irq 12
[    2.441813] mousedev: PS/2 mouse device common for all mice
[    2.455659] rtc_cmos rtc_cmos: rtc core: registered rtc_cmos as rtc0
[    2.469163] input: AT Translated Set 2 keyboard as /devices/platform/i8042/serio0/input/input2
[    2.472158] rtc_cmos rtc_cmos: alarms up to one day, 114 bytes nvram
[    2.472177] i2c /dev entries driver
[    2.472255] device-mapper: uevent: version 1.0.3
[    2.472335] device-mapper: ioctl: 4.37.0-ioctl (2017-09-20) initialised: dm-devel@redhat.com
[    2.593319] ledtrig-cpu: registered to indicate activity on CPUs
[    2.608041] NET: Registered protocol family 10
[    2.619775] Segment Routing with IPv6
[    2.625836] NET: Registered protocol family 17
[    2.631148] Key type dns_resolver registered
[    2.640750] RAS: Correctable Errors collector initialized.
[    2.653665] sched_clock: Marking stable (2653563586, 0)->(5887377920, -3233814334)
[    2.657035] registered taskstats version 1
[    2.669355] Loading compiled-in X.509 certificates
[    2.675141] Loaded X.509 cert 'Build time autogenerated kernel key: 2ed9c0a78927f1fed24db33f01fd983502d97350'
[    2.679015] zswap: loaded using pool lzo/zbud
[    2.688473] Key type big_key registered
[    2.690360] Key type trusted registered
[    2.697119] Key type encrypted registered
[    2.700214] AppArmor: AppArmor sha1 policy hashing enabled
[    2.704955] ima: No TPM chip found, activating TPM-bypass! (rc=-19)
[    2.708652] ima: Allocated hash algorithm: sha1
[    2.713458] evm: HMAC attrs: 0x1
[    2.716503]   Magic number: 15:373:418
[    2.719750] rtc_cmos rtc_cmos: setting system clock to 2019-08-18 06:24:52 UTC (1566109492)
[    2.727776] BIOS EDD facility v0.16 2004-Jun-25, 0 devices found
[    2.731499] EDD information not available.
[    2.740819] Freeing unused kernel image memory: 2408K
[    2.768413] Write protecting the kernel read-only data: 20480k
[    2.774585] Freeing unused kernel image memory: 2008K
[    2.778926] Freeing unused kernel image memory: 1868K
[    2.788727] x86/mm: Checked W+X mappings: passed, no W+X pages found.
[    2.794214] x86/mm: Checking user space page tables
[    2.803505] x86/mm: Checked W+X mappings: passed, no W+X pages found.
Loading, please wait...
starting version 237
[    2.903453] Fusion MPT base driver 3.04.20
[    2.905281] Copyright (c) 1999-2008 LSI Corporation
[    2.924749] e1000: Intel(R) PRO/1000 Network Driver - version 7.3.21-k8-NAPI
[    2.927643] e1000: Copyright (c) 1999-2006 Intel Corporation.
[    2.936330] Fusion MPT SPI Host driver 3.04.20
[    2.938414] AVX2 version of gcm_enc/dec engaged.
[    2.939964] AES CTR mode by8 optimization enabled
[    2.954852] mptbase: ioc0: Initiating bringup
[    3.057771] ioc0: LSI53C1030 A0: Capabilities={Initiator}
[    3.135067] input: ImExPS/2 Generic Explorer Mouse as /devices/platform/i8042/serio1/input/input4
[    3.341908] scsi host2: ioc0: LSI53C1030 A0, FwRev=00000000h, Ports=1, MaxQ=256, IRQ=20
[    3.513047] scsi 2:0:0:0: Direct-Access     VBOX     HARDDISK         1.0  PQ: 0 ANSI: 5
[    3.560190] scsi target2:0:0: Beginning Domain Validation
[    3.571186] scsi target2:0:0: Domain Validation skipping write tests
[    3.573675] scsi target2:0:0: Ending Domain Validation
[    3.575493] scsi target2:0:0: asynchronous
[    3.578062] scsi 2:0:1:0: Direct-Access     VBOX     HARDDISK         1.0  PQ: 0 ANSI: 5
[    3.932183] scsi target2:0:1: Beginning Domain Validation
[    3.952316] random: fast init done
[    3.955202] scsi target2:0:1: Domain Validation skipping write tests
[    3.957530] scsi target2:0:1: Ending Domain Validation
[    3.959404] scsi target2:0:1: asynchronous
[    3.969098] random: systemd-udevd: uninitialized urandom read (16 bytes read)
[    3.986495] random: systemd-udevd: uninitialized urandom read (16 bytes read)
[    3.986572] sd 2:0:0:0: Attached scsi generic sg0 type 0
[    4.004245] random: systemd-udevd: uninitialized urandom read (16 bytes read)
[    4.010474] sd 2:0:0:0: [sda] 20971520 512-byte logical blocks: (10.7 GB/10.0 GiB)
[    4.010889] sd 2:0:1:0: Attached scsi generic sg1 type 0
[    4.016025] sd 2:0:1:0: [sdb] 20480 512-byte logical blocks: (10.5 MB/10.0 MiB)
[    4.018826] e1000 0000:00:03.0 eth0: (PCI:33MHz:32-bit) 02:54:57:2b:5c:0a
[    4.018832] e1000 0000:00:03.0 eth0: Intel(R) PRO/1000 Network Connection
[    4.022328] sd 2:0:0:0: [sda] Write Protect is off
[    4.022494] sd 2:0:0:0: [sda] Incomplete mode parameter data
[    4.022495] sd 2:0:0:0: [sda] Assuming drive cache: write through
[    4.034499]  sda: sda1
[    4.035908] sd 2:0:0:0: [sda] Attached SCSI disk
[    4.065873] sd 2:0:1:0: [sdb] Write Protect is off
[    4.068500] sd 2:0:1:0: [sdb] Incomplete mode parameter data
[    4.070289] sd 2:0:1:0: [sdb] Assuming drive cache: write through
[    4.078999] sd 2:0:1:0: [sdb] Attached SCSI disk
[    4.498705] e1000 0000:00:08.0 eth1: (PCI:33MHz:32-bit) 08:00:27:3e:1e:3f
[    4.514736] e1000 0000:00:08.0 eth1: Intel(R) PRO/1000 Network Connection
[    4.548481] e1000 0000:00:08.0 enp0s8: renamed from eth1
[    4.568784] e1000 0000:00:03.0 enp0s3: renamed from eth0
Begin: Loading essential drivers ... [    6.172301] raid6: sse2x1   gen()  2854 MB/s
[    6.224773] raid6: sse2x1   xor()  2972 MB/s
[    6.272561] raid6: sse2x2   gen() 10616 MB/s
[    6.332381] raid6: sse2x2   xor()  7725 MB/s
[    6.384286] raid6: sse2x4   gen() 12650 MB/s
[    6.439138] raid6: sse2x4   xor()  8842 MB/s
[    6.492118] raid6: avx2x1   gen() 17401 MB/s
[    6.540308] raid6: avx2x1   xor() 12047 MB/s
[    6.595162] raid6: avx2x2   gen() 19908 MB/s
[    6.644101] raid6: avx2x2   xor() 12030 MB/s
[    6.702235] raid6: avx2x4   gen() 25075 MB/s
[    6.756441] raid6: avx2x4   xor() 15571 MB/s
[    6.759035] raid6: using algorithm avx2x4 gen() 25075 MB/s
[    6.765953] raid6: .... xor() 15571 MB/s, rmw enabled
[    6.768292] raid6: using avx2x2 recovery algorithm
[    6.773103] xor: automatically using best checksumming function   avx       
[    6.802959] async_tx: api initialized (async)
done.
Begin: Running /scripts/init-premount ... done.
Begin: Mounting root file system ... Begin: Running /scripts/local-top ... done.
Begin: Running /scripts/local-premount ... [    6.885221] Btrfs loaded, crc32c=crc32c-intel
Scanning for Btrfs filesystems
done.
Warning: fsck not present, so skipping root file[    6.959467] EXT4-fs (sda1): INFO: recovery required on readonly filesystem
 system
[    7.008205] EXT4-fs (sda1): write access will be enabled during recovery
[    7.095678] EXT4-fs (sda1): recovery complete
[    7.100597] EXT4-fs (sda1): mounted filesystem with ordered data mode. Opts: (null)
done.
Begin: Running /scripts/local-bottom ... done.
Begin: Running /scripts/init-bottom ... done.
[    7.512926] ip_tables: (C) 2000-2006 Netfilter Core Team
[    7.542262] systemd[1]: systemd 237 running in system mode. (+PAM +AUDIT +SELINUX +IMA +APPARMOR +SMACK +SYSVINIT +UTMP +LIBCRYPTSETUP +GCRYPT +GNUTLS +ACL +XZ +LZ4 +SECCOMP +BLKID +ELFUTILS +KMOD -IDN2 +IDN -PCRE2 default-hierarchy=hybrid)
[    7.614092] systemd[1]: Detected virtualization oracle.
[    7.616158] systemd[1]: Detected architecture x86-64.

Welcome to [1mUbuntu 18.04.2 LTS[0m!

[    7.646367] systemd[1]: Set hostname to <ubuntu-bionic>.
[    8.409207] systemd[1]: Created slice System Slice.
[[0;32m  OK  [0m] Created slice System Slice.
[    8.417625] systemd[1]: Listening on udev Kernel Socket.
[[0;32m  OK  [0m] Listening on udev Kernel Socket.
[    8.428039] systemd[1]: Created slice system-serial\x2dgetty.slice.
[[0;32m  OK  [0m] Created slice system-serial\x2dgetty.slice.
[    8.437703] systemd[1]: Listening on Device-mapper event daemon FIFOs.
[[0;32m  OK  [0m] Listening on Device-mapper event daemon FIFOs.
[    8.447612] systemd[1]: Listening on Journal Audit Socket.
[[0;32m  OK  [0m] Listening on Journal Audit Socket.
[    8.456491] systemd[1]: Reached target System Time Synchronized.
[[0;32m  OK  [0m] Reached target System Time Synchronized.
[[0;32m  OK  [0m] Listening on Journal Socket (/dev/log).
[[0;32m  OK  [0m] Listening on Network Service Netlink Socket.
[[0;32m  OK  [0m] Listening on /dev/initctl Compatibility Named Pipe.
[[0;32m  OK  [0m] Listening on Journal Socket.
         Mounting Huge Pages File System...
         Mounting Kernel Debug File System...
         Starting Remount Root and Kernel[    8.525982] EXT4-fs (sda1): re-mounted. Opts: (null)
 File Systems...
         Starting Create list of required stâ€¦ce nodes for the current kernel...
         Starting Load Kernel Modules...
[[0;32m  OK  [0m] Created slice User and Session Slice.
[[0;32m  OK  [0m] Reached target Slices.
[[0;32m  OK  [0m] Reached target User and Group Name Lookups.
[[0;32m  OK  [0m] Set up automount Arbitrary Executabâ€¦rmats File System Automount Point.
[    8.592122] Loading iSCSI transport class v2.0-870.
         Starting Uncomplicated firewall...
[[0;32m  OK  [0m] Listening on Syslog Socket.
[    9.136239] iscsi: registered transport (tcp)
[[0;32m  OK  [0m] Started Forward Password Requests to Wall Directory Watch.
[[0;32m  OK  [0m] Listening on udev Control Socket.
         Starting udev Coldplug all Devices...
         Mounting POSIX Message Queue File System...
[[0;32m  OK  [0m] Reached target Swap.
         Starting Journal Service...
[[0;32m  OK  [0m] Listening on LVM2 metadata daemon socket.
         Starting Monitoring of LVM2 mirrorsâ€¦ng dmeventd or progress polling...
         Starting Set the console keyboard layout...
[[0;32m  OK  [0m] Listening on LVM2 poll daemon socket.
[[0;32m  OK  [0m] Mounted Huge Pages File System.
[[0;32m  OK  [0m] Mounted Kernel Debug File System.
[[0;32m  OK  [0m] Started Remount Root and Kernel File Systems.
[[0;32m  OK  [0m] Started Create list of required staâ€¦vice nodes for the current kernel.
[[0;32m  OK  [0m] Started Uncomplicated firewall.
[[0;32m  OK  [0m] Mounted POSI[    9.218370] iscsi: registered transport (iser)
X Message Queue File System.
         Starting Create Static Device Nodes in /dev...
         Starting Load/Save Random Seed...
[[0;32m  OK  [0m] Started Load Kernel Modules.
[[0;32m  OK  [0m] Started udev Coldplug all Devices.
[[0;32m  OK  [0m] Started Create Static Device Nodes in /dev.
[[0;32m  OK  [0m] Started Load/Save Random Seed.
         Starting udev Kernel Device Manager...
         Mounting Kernel Configuration File System...
         Mounting FUSE Control File System...
         Starting Apply Kernel Variables...
[[0;32m  OK  [0m] Mounted Kernel Configuration File System.
[[0;32m  OK  [0m] Mounted FUSE Control File System.
[[0;32m  OK  [0m] Started LVM2 metadata daemon.
[[0;32m  OK  [0m] Started Journal Service.
         Starting Flush Journal to Persistent Storage...
[[0;32m  OK  [0m] Started udev Kernel Device Manager.
[[0;32m  OK  [0m] Started Monitoring of LVM2 mirrors,â€¦sing dmeventd or progress polling.
[[0;32m  OK  [0m] Started Set the console keyboard layout.
[[0;32m  OK  [0m] Started Apply Kernel Variables.
[[0;32m  OK  [0m] Started Dispatch Password Requests to Console Directory Watch.
[[0;32m  OK  [0m] Reached target Local Encrypted Volumes.
[[0;32m  OK  [0m] Reached target Local File Systems (Pre).
[[0;32m  OK  [0m] Reached target Local File Systems.
         Starting ebtables ruleset management...
         Starting Set console font and keymap...
         Starting AppArmor initialization...
         Starting Tell Plymouth To Write Out Runtime Data...
[[0;32m  OK  [0m] Started Set console font and keymap.
[[0;32m  OK  [0m] Started Tell Plymouth To Write Out Runtime Data.
[[0;32m  OK  [0m] Found device /dev/ttyS0.
[[0;32m  OK  [0m] Started ebtables ruleset management.
[[0;32m  OK  [0m] Listening on Load/Save RF Kill Switch Status /dev/rfkill Watch.
[[0;32m  OK  [0m] Started Flush Journal to Persistent Storage.
         Starting Create Volatile Files and Directories...
[[0;32m  OK  [0m] Started Create Volatile Files and Directories.
         Starting Update UTMP about System Boot/Shutdown...
[[0;32m  OK  [0m] Started Update UTMP about System Boot/Shutdown.
[[0;32m  OK  [0m] Started AppArmor initialization.
         Starting Initial cloud-init job (pre-networking)...
[   12.972199] cloud-init[538]: Cloud-init v. 19.1-1-gbaa47854-0ubuntu1~18.04.1 running 'init-local' at Sun, 18 Aug 2019 06:25:02 +0000. Up 12.67 seconds.
[[0;32m  OK  [0m] Started Initial cloud-init job (pre-networking).
[[0;32m  OK  [0m] Reached target Network (Pre).
         Starting Network Service...
[[0;32m  OK  [0m] Started Network Service.
         Starting Network Name Resolution...
         Starting Wait for Network to be Configured...
[[0;32m  OK  [0m] Started Network Name Resolution.
[[0;32m  OK  [0m] Reached target Host and Network Name Lookups.
[[0;32m  OK  [0m] Reached target Network.
[[0;32m  OK  [0m] Started Wait for Network to be Configured.
         Starting Initial cloud-init job (metadata service crawler)...
[   15.681769] cloud-init[698]: Cloud-init v. 19.1-1-gbaa47854-0ubuntu1~18.04.1 running 'init' at Sun, 18 Aug 2019 06:25:05 +0000. Up 15.48 seconds.
[   15.712374] cloud-init[698]: ci-info: ++++++++++++++++++++++++++++++++++++++Net device info+++++++++++++++++++++++++++++++++++++++
[   15.733716] cloud-init[698]: ci-info: +--------+------+-----------------------------+---------------+--------+-------------------+
[   15.772400] cloud-init[698]: ci-info: | Device |  Up  |           Address           |      Mask     | Scope  |     Hw-Address    |
[   15.779676] cloud-init[698]: ci-info: +--------+------+-----------------------------+---------------+--------+-------------------+
[   15.796953] cloud-init[698]: ci-info: | enp0s3 | True |          10.0.2.15          | 255.255.255.0 | global | 02:54:57:2b:5c:0a |
[   15.808638] cloud-init[698]: ci-info: | enp0s3 | True |  fe80::54:57ff:fe2b:5c0a/64 |       .       |  link  | 02:54:57:2b:5c:0a |
[   15.816960] cloud-init[698]: ci-info: | enp0s8 | True |        192.168.33.10        | 255.255.255.0 | global | 08:00:27:3e:1e:3f |
[   15.838808] cloud-init[698]: ci-info: | enp0s8 | True | fe80::a00:27ff:fe3e:1e3f/64 |       .       |  link  | 08:00:27:3e:1e:3f |
[   15.867395] cloud-init[698]: ci-info: |   lo   | True |          127.0.0.1          |   255.0.0.0   |  host  |         .         |
[   15.896722] cloud-init[698]: ci-info: |   lo   | True |           ::1/128           |       .       |  host  |         .         |
[   15.917284] cloud-init[698]: ci-info: +--------+------+-----------------------------+---------------+--------+-------------------+
[   15.922975] cloud-init[698]: ci-info: +++++++++++++++++++++++++++++Route IPv4 info+++++++++++++++++++++++++++++
[   15.945841] cloud-init[698]: ci-info: +-------+--------------+----------+-----------------+-----------+-------+
[   15.960746] cloud-init[698]: ci-info: | Route | Destination  | Gateway  |     Genmask     | Interface | Flags |
[   15.984753] cloud-init[698]: ci-info: +-------+--------------+----------+-----------------+-----------+-------+
[   16.004766] cloud-init[698]: ci-info: |   0   |   0.0.0.0    | 10.0.2.2 |     0.0.0.0     |   enp0s3  |   UG  |
[   16.017228] cloud-init[698]: ci-info: |   1   |   10.0.2.0   | 0.0.0.0  |  255.255.255.0  |   enp0s3  |   U   |
[   16.024631] cloud-init[698]: ci-info: |   2   |   10.0.2.2   | 0.0.0.0  | 255.255.255.255 |   enp0s3  |   UH  |
[   16.071707] cloud-init[698]: ci-info: |   3   | 192.168.33.0 | 0.0.0.0  |  255.255.255.0  |   enp0s8  |   U   |
[[   16.096492] cloud-init[698]: ci-info: +-------+--------------+----------+-----------------+-----------+-------+
[   16.097251] cloud-init[698]: ci-info: +++++++++++++++++++Route IPv6 info+++++++++++++++++++
[0;32m  OK  [0m] Started Initial cloud-init job (metadata service crawler).
[   16.097404] cloud-init[698]: ci-info: +-------+-------------+---------+-----------+-------+
[[   16.193014] cloud-init[698]: ci-info: | Route | Destination | Gateway | Interface | Flags |
[0;32m  OK  [0m] Reached target Cloud-config availability.
[   16.193492] cloud-init[698]: ci-info: +-------+-------------+---------+-----------+-------+
[[   16.253162] cloud-init[698]: ci-info: |   1   |  fe80::/64  |    ::   |   enp0s8  |   U   |
[0;32m  OK  [0m] Reached target Network is Online.
[   16.253712] cloud-init[698]: ci-info: |   2   |  fe80::/64  |    ::   |   enp0s3  |   U   |
[[   16.301660] cloud-init[698]: ci-info: |   4   |    local    |    ::   |   enp0s3  |   U   |
[   16.302126] cloud-init[698]: ci-info: |   5   |    local    |    ::   |   enp0s8  |   U   |
[   16.304129] cloud-init[698]: ci-info: |   6   |   ff00::/8  |    ::   |   enp0s8  |   U   |
[0;32m  OK  [0m] Reached target Remote File Systems (Pre).
[[   16.304798] cloud-init[698]: ci-info: |   7   |   ff00::/8  |    ::   |   enp0s3  |   U   |
[   16.352982] cloud-init[698]: ci-info: +-------+-------------+---------+-----------+-------+
[0;32m  OK  [0m] Reached target Remote File Systems.
         Starting Availability of block devices...
[[0;32m  OK  [0m] Reached target System Initialization.
[[0;32m  OK  [0m] Started Discard unused blocks once a week.
         Starting Socket activation for snappy daemon.
         Starting LXD - unix socket.
[[0;32m  OK  [0m] Listening on D-Bus System Message Bus Socket.
[[0;32m  OK  [0m] Started Daily apt download activities.
[[0;32m  OK  [0m] Started ACPI Events Check.
[[0;32m  OK  [0m] Reached target Paths.
[[0;32m  OK  [0m] Listening on ACPID Listen Socket.
[[0;32m  OK  [0m] Listening on Open-iSCSI iscsid Socket.
[[0;32m  OK  [0m] Listening on UUID daemon activation socket.
[[0;32m  OK  [0m] Started Message of the Day.
[[0;32m  OK  [0m] Started Daily Cleanup of Temporary Directories.
[[0;32m  OK  [0m] Started Daily apt upgrade and clean activities.
[[0;32m  OK  [0m] Reached target Timers.
[[0;32m  OK  [0m] Started Availability of block devices.
[[0;32m  OK  [0m] Listening on Socket activation for snappy daemon.
[[0;32m  OK  [0m] Listening on LXD - unix socket.
[[0;32m  OK  [0m] Reached target Sockets.
[[0;32m  OK  [0m] Reached target Basic System.
[[0;32m  OK  [0m] Started D-Bus System Message Bus.
         Starting LSB: Record successful boot for GRUB...
         Starting vboxadd.service...
[[0;32m  OK  [0m] Started irqbalance daemon.
[[0;32m  OK  [0m] Started FUSE filesystem for LXC.
[[0;32m  OK  [0m] Started Regular background program processing daemon.
         Starting OpenBSD Secure Shell server...
         Starting Permit User Sessions...
         Starting LSB: automatic crash report generation...
         Starting Accounts Service...
         Starting System Logging Service...
         Starting Dispatcher daemon for systemd-networkd...
[[0;32m  OK  [0m] Started Deferred execution scheduler.
         Starting LXD - container startup/shutdown...
         Starting Snappy daemon...
         Starting Login Service...
[[0;32m  OK  [0m] Started System Logging Service.
[[0;32m  OK  [0m] Started Permit User Sessions.
[[0;32m  OK  [0m] Started OpenBSD Secure Shell server.
         Starting Authorization Manager...
         Starting Hold until boot process finishes up...
         Starting Terminate Plymouth Boot Screen...
[[0;32m  OK  [0m] Started Hold until boot process finishes up.
         Starting Set console scheme...
[[0;32m  OK  [0m] Started Serial Getty on ttyS0.
[[0;32m  OK  [0m] Started Terminate Plymouth Boot Screen.
[[0;32m  OK  [0m] Started Login Service.
[[0;32m  OK  [0m] Started Unattended Upgrades Shutdown.
[[0;32m  OK  [0m] Started Set console scheme.
[[0;32m  OK  [0m] Created slice system-getty.slice.
[[0;32m  OK  [0m] Started Getty on tty1.
[[0;32m  OK  [0m] Reached target Login Prompts.
[[0;32m  OK  [0m] Started LSB: Record successful boot for GRUB.
[[0;32m  OK  [0m] Started LSB: automatic crash report generation.
[[0;32m  OK  [0m] Started Authorization Manager.
[[0;32m  OK  [0m] Started Accounts Service.
[[0;32m  OK  [0m] Started Snappy daemon.
[[0;32m  OK  [0m] Started LXD - container startup/shutdown.
         Starting Wait until snapd is fully seeded...
[[0;32m  OK  [0m] Started vboxadd.service.
[[0;32m  OK  [0m] Started Wait until snapd is fully seeded.
         Starting Apply the settings specified in cloud-config...
         Starting vboxadd-service.service...
[[0;32m  OK  [0m] Started Dispatcher daemon for systemd-networkd.
[[0;32m  OK  [0m] Started vboxadd-service.service.
[[0;32m  OK  [0m] Reached target Multi-User System.
[[0;32m  OK  [0m] Reached target Graphical Interface.
         Starting Update UTMP about System Runlevel Changes...
[[0;32m  OK  [0m] Started Update UTMP about System Runlevel Changes.
[   18.977020] cloud-init[1110]: Cloud-init v. 19.1-1-gbaa47854-0ubuntu1~18.04.1 running 'modules:config' at Sun, 18 Aug 2019 06:25:08 +0000. Up 18.77 seconds.
[[0;32m  OK  [0m] Started Apply the settings specified in cloud-config.
         Starting Execute cloud user/final scripts...
[   19.713251] cloud-init[1191]: Cloud-init v. 19.1-1-gbaa47854-0ubuntu1~18.04.1 running 'modules:final' at Sun, 18 Aug 2019 06:25:09 +0000. Up 19.56 seconds.
[   19.718875] cloud-init[1191]: Cloud-init v. 19.1-1-gbaa47854-0ubuntu1~18.04.1 finished at Sun, 18 Aug 2019 06:25:09 +0000. Datasource DataSourceNoCloud [seed=/dev/sdb][dsmode=net].  Up 19.70 seconds
[[0;32m  OK  [0m] Started Execute cloud user/final scripts.
[[0;32m  OK  [0m] Reached target Cloud-init target.

Ubuntu 18.04.2 LTS ubuntu-bionic ttyS0

ubuntu-bionic login: 