[    0.000000] Linux version 4.15.0-58-generic (buildd@lcy01-amd64-013) (gcc version 7.4.0 (Ubuntu 7.4.0-1ubuntu1~18.04.1)) #64-Ubuntu SMP Tue Aug 6 11:12:41 UTC 2019 (Ubuntu 4.15.0-58.64-generic 4.15.18)
[    0.000000] Command line: BOOT_IMAGE=/boot/vmlinuz-4.15.0-58-generic root=UUID=7e8b22db9849-4abd-a8e3-491271b94bd0 ro console=tty1 console=ttyS
[    0.0000] KERNEL supported cpus:
[    0.000000]   Intel GenuineIntel
[    000000]  MD AuthenticAMD
[    0.000000]   Centaur CentaurHauls
[    0.000000] x86/fpu: Supporting XSAVE feature 0x001: 'x87 floating point registers'
[    0.000000] x86/fpu: Supporting XSAVE feature 0x002: 'SSE registers'
[    0.000000] x86/fpu: Supporting XSAVEeaurre 0x004: 'AVX registers'
[    0.000000] x86/fpu: xstate_offset[2]:  576, xstate_sizes[2]:  256
[    0.000000] x86/fpu: Enabled xstate features 0x7, context size is 832 bytes, using 'standard' format.
[    0.000000] e820: BIOS-provided physical RAM map:
[    0.000000] BIOS-e820: [mem 0x0000000000000000-0x000000000009fbff] usable
[    0.000000] BIOS-e820: [mem 0x000000000009fc00-0x000000000009ffff] reserved
[    0.000000] BIOS-e820: [mem 0x00000000000f0000-0x00000000000fffff] resrved
[    0.000000] BIOS-e820 [em0x0000000000100000-0x000000003ffeffff] usable
[    0.000000] BIOS-e820: [mem 0x000000003fff0000-0x000000003fffffff] ACPI data
[    0.000000] BIOS-e820: [mem 0x00000000fec00000-0x00000000fec00fff] reserved
[    0.000000] BIOS-e20 [mem 0x00000fee0000-00000000fee00f]reserve
[   0.0000 BIOS-e820: [mem 0x00000000fffc0000-0x00000000ffffff] rered
[    0.000000] NX (Executeisable potction: acte
[   0.000000] SMBIOS 2.5 present.
[    0.000000] DMI: innotek GmbH VirtualBox/VirtualBox, BIOS VirtualBox 12/01/2006
[    0.000000] Hypervisor detected: KVM
[    0.000000] e820: last_pfn = 0x3fff0 max_arch_pfn = 0x400000000
[    0.000000] MTRR: Dsabled
[    0.000000] x86/PAT: MTRRs disabled, skipping PAT initialization too.
[    0.000000] CPU MTRRs all blank - virtualized system.
[    0.000000] x86/PAT: Configuration [0-7]: WB  WT  UC- UC  WB  WT  UC- UC  
[    0.000000] found SMP MP-table at [mem 0x0009fff0-0x0009ffff] mappe at [        (ptrval)]
[    0.000000] Scanning 1 areas forow memory corruption
[    0.000000] RAMDISK: [mem 0x35983000-0x36cb8fff]
[    0.000000] ACPI: Early table checksum verification disabled
[    0.000000] ACPI: RSDP 0x00000000000E0000 000024 (v02 VBOX  )
[    0.000000] ACPI: XSDT 0x000000003FFF0030 00003C (v01 VBOX   VBOXXSDT 00000001 ASL  00000061)
[    0.000000] ACPI: FACP 0x000000003FFF00F0 0000F4 (v04 VBOX   VBOXFACP 00000001 ASL  00000061)
[    0.000000] ACPI: DSDT 0x000000003FFF0470 0021FF (v02 VBOX  VOXBIOS 00000002 INTL 201008)
[   .000000]ACPI: FACS 0x000000003FF000 00040
[    0.000000] ACP FACS 0x000000003FFF0200 000040
[   .00000]ACI:APIC 0x0000000FFF040 00005C (v02 VBOX   VBOXAPIC 00000001 ASL  00000061)
[   .00000] CP: SSDT 0x000000FFF02A0 0001CC (v01 VBOX   VBOXCPUT 00000002 INTL 20100528)
[    0.000000] No NUMA configuration found
[    0.000000] Faking a node at [mem 0x0000000000000000-0x000000003ffeffff]
[    0.000000] NODE_DATA(0) allocated [mem 0x3ffc5000-0x3ffeffff]
[    0.000000] kvm-clock: cpu 0, msr 0:3ff44001, primary cpu clock
[    0.000000] kvm-clock: Using msrs 4b564d01 and 4b564d00
[    0.000000] kvm-clock: using sched offset of 4456905595 cycles
[    0.000000] clocksource: kvm-clock: mask: 0xffffffffffffffff max_cycles: 0x1cd42e4dffb, max_idle_ns: 881590591483 ns
[    0.000000] Zone ranges:
[    0.000000]   DMA      [mem 0x0000000000001000-0x0000000000ffffff]
[    0.000000]   DMA32    [mem 0x0000000001000000-0x000000003ffeffff]
[    0.000000]   Normal   empty
[    0.000000]   Device   empty
[    0.000000] Movabl zne start for echnode
   0000000] Early memory ne ranges
[    0.000000]   node   0: [mem 0x00000000000011000-0x00000000000efff]
[    0.000000]   node   0: [mem 0x0000000000100000-0x000000003ffeffff]
[    0.000000] Reserved but unavailable: 98 pages
[    0.000000] Initmem setup node 0 [mem 0x0000000000001000-0x00000003ffeffff]
[    0.000000] ACPI: PM-Timer IO Port: 0x4008
[    0.000000] IOAPC[0]: ap_i 2, version 3 addess 0xc00000, GSI 0-23
[    0.000000] ACPI: INT_SRC_OVR (bus 0 bus_irq 0 global_irq 2 dfl dfl)
[    0.000000] ACPI: INT_SRC_OVR (bus 0 bus_irq 9 global_irq 9 low level)
[    0.000000] Using CPI(MDT) fo SP cnfiguration inrmatio
[    0.000000] smpboot: Allowing 2 CPUs, 0 hotplug CPUs
[    0.000000] PM: Registered nosave memory: [mem 0x00000000-0x0000ff
    0.000000] PM: Registered nosave memory: [mem 0x0009f000-0x0009ffff]
[    0.000000] PM: Registered nosave memory: [mem 0x000a0000-000efff]
[    0.000000] PM: Registered nosave memory: [mem 0x000f0000-0x000fffff]
[    0.000000] e820: [mem 0x40000000-0xfebfffff] available for PCI devices
[    0.000000] Booting paravirtualized kernel on KVM
[    0.000000] clocksource: refined-jiffies: msk 0ffffff mx_cycles: 0xffffffff, max_idle_ns: 7645519600211568 ns
[    0.0000 rando: etrandom_bys call fom start_kernel+0x99x4fd wih rn_init=0
[    0.0000]setup_percpu: NR_CPUS:8192 nr_cpumask_bits:2 nr_cpu_ids:2 nr_node_ids:1
[    0.000000] percpu: Embedded 46 pages/cpu @        (ptrval) s151552 r8192 d28672 u1048576
[    0.000000] PPV qspinlock hash table entries: 256 (order: 0, 4096 bytes)
[    0.000000] Built 1 zonelists, mobility grouping on.  Total pages: 257913
[    0.000000] Policy zone: DMA32
[    0.000000] Kernel command line: BOOT_IMAGE=/boot/vmlinuz-4.15.0-58-generic root=UUID=7e8b22db-9849-4abd-a8e3-491271b94bd0 ro console=tty1 console=ttyS0
[    0.000000] Memory: 982924K/1048120K available (12300K kernel code, 2478K rwdata, 4280K rodata, 2424K init, 2384K bss, 65196K reserved, 0K cma-reserved)
[    0.000000] SLUB: HWalign=64, Order=0-3, MinObject=0, CPUs=2, Nodes=1
[    0.000000] Kernel/User page tables isolation: enabled
[    0.000000] ftrace: alocating 3943entries in 154 pages
[    0.004000] Hierarchical RCU implementation.
[    0.004000] 	RCU restricting CPUs from NR_CPUS=8192 to nr_cpu_ids=2.
[    0.004000] 	Tasks RCU enabled.
[    0.004000] RCU: Adjusting geometry for rcu_fanout_leaf=16, nr_cpu_ids=2
[    0.004000] NR_IRQS: 524544, nr_irqs: 440, preallocated ir: 16
[    0.004000] Console: colour VGA+ 80x25
[    0.004000] console [tty1] enabled
[    0.004000] console [ttyS0] enaed
[    0.004000] ACPI: Core revision 20170831
[    0.004000] ACPI: 2 ACPI AML tables successfully acquired and loaded
[    0.004000] APIC: Switch to symmetric I/O mode setup
[    0.004000] x2apic enabled
[   0.00400] Switched APIC routing to physical x2apic.
[    0.004875] ..TIMER: vector=0x30 apic1=0 pin1=2 apic2=-1 pin2=-1
[    0.008003] tsc: Detected 1608.000 MHz processor
[    0.012012] Calibrating delay loop (skipped) preset value.. 3216.00 BogoMIPS (lpj=6432000)
[    0.016006] pid_max: default: 32768 minimum: 301
[    0.020044] Security Framework initialized
[    0.024004] Yama: becoming mindful.
[    0.025227] AppArmor: AppArmor initialized
[    0.029950] Dentry cache hash table entries: 131072 (order: 8, 1048576 bytes)
[    0.032088] Inode-cache hash table entries: 65536 (order: 7, 524288 bytes)
[    0.036020] Mount-cache hash table entries: 2048 (order: 2, 16384 bytes)
[    0.040014] Mountpoint-cache hash table entries: 2048 (order: 2, 16384 bytes)
[    0.044252] mce: CPU supports 0 MCE banks
[    0.048018] Last level iTLB entries: 4KB 64, 2MB 8, 4MB 8
[    0.052003] Last level dTLB entries: 4KB 64, 2MB 0, 4MB 0, 1GB 4
[    0.056006] Spectre V1 : Mitigation: usercopy/swapgs barriers and __user pointer sanitization
[    0.060006] Spectre V2 : Mitigation: Full generic retpoline
[    0.064005] Spectre V2 : Spectre v2 / SpectreRSB mitigation: Filling RSB on context switch
[    0.068003] Speculative Store Bypass: Vulnerable
[    0.072055] MDS: Vulnerable: Clear CPU buffers attempted, no microcode
[    0.074289] Freeing SMP alternatives memory: 36K
[    0.080000] smpboot: CPU0: Intel(R) Core(TM) i5-8210Y CPU @ 1.60GHz (family: 0x6, model: 0x8e, stepping: 0x9)
[    0.080091] Performance Events: unsupported p6 CPU model 142 no PMU driver, software events only.
[    0.084061] Hierarchical SRCU implementation.
[    0.088545] NMI watchdog: Perf event create on CPU 0 failed with -2
[    0.090233] NMI watchdog: Perf NMI watchdog permanently disabled
[    0.092067] smp: Bringing up secondary CPUs ...
[    0.093762] x86: Booting SMP configuration:
[    0.096003] .... node  #0, CPUs:      #1
[    0.004000] kvm-clock: cpu 1, msr 0:3ff44041, secondary cpu clock
[    0.004000] mce: CPU supports 0 MCE banks
[    0.100021] smp: Brought up 1 node, 2 CPUs
[    0.104008] smpboot: Max logical packages: 1
[    0.108009] smpboot: Total of 2 processors activated (6432.00 BogoMIPS)
[    0.116004] devtmpfs: initialized
[    0.120061] x86/mm: Memory block size: 128MB
[    0.124160] evm: security.selinux
[    0.128004] evm: security.SMACK64
[    0.132004] evm: security.SMACK64EXEC
[    0.133236] evm: security.SMACK64TRANSMUTE
[    0.136004] evm: security.SMACK64MMAP
[    0.137163] evm: security.apparmor
[    0.138307] evm: security.ima
[    0.139317] evm: security.capability
[    0.140111] clocksource: jiffies: mask: 0xffffffff max_cycles: 0xffffffff, max_idle_ns: 7645041785100000 ns
[    0.142670] futex hash table entries: 512 (order: 3, 32768 bytes)
[    0.148050] pinctrl core: initialized pinctrl subsystem
[    0.151694] RTC time:  9:10:21, date: 08/17/19
[    0.152207] NET: Registered protocol family 16
[    0.153849] audit: initializing netlink subsys (disabled)
[    0.156056] audit: type=2000 audit(1566033023.849:1): state=initialized audit_enabled=0 res=1
[    0.160015] cpuidle: using governor ladder
[    0.164021] cpuidle: using governor menu
[    0.168076] ACPI: bus type PCI registered
[    0.172048] acpiphp: ACPI Hot Plug PCI Controller Driver version: 0.5
[    0.176363] PCI: Using configuration type 1 for base access
[    0.185772] HugeTLB registered 2.00 MiB page size, pre-allocated 0 pages
[    0.188265] ACPI: Added _OSI(Module Device)
[    0.192006] ACPI: Added _OSI(Processor Device)
[    0.196005] ACPI: Added _OSI(3.0 _SCP Extensions)
[    0.200006] ACPI: Added _OSI(Processor Aggregator Device)
[    0.204010] ACPI: Added _OSI(Linux-Dell-Video)
[    0.208012] ACPI: Added _OSI(Linux-Lenovo-NV-HDMI-Audio)
[    0.212005] ACPI: Added _OSI(Linux-HPI-Hybrid-Graphics)
[    0.216578] ACPI: Executed 1 blocks of module-level executable AML code
[    0.225613] ACPI: Interpreter enabled
[    0.228027] ACPI: (supports S0 S5)
[    0.232010] ACPI: Using IOAPIC for interrupt routing
[    0.236296] PCI: Using host bridge windows from ACPI; if necessary, use "pci=nocrs" and report a bug
[    0.240277] ACPI: Enabled 2 GPEs in block 00 to 07
[    0.252313] ACPI: PCI Root Bridge [PCI0] (domain 0000 [bus 00-ff])
[    0.256011] acpi PNP0A03:00: _OSC: OS supports [ASPM ClockPM Segments MSI]
[    0.260042] acpi PNP0A03:00: _OSC: not requesting OS control; OS requires [ExtendedConfig ASPM ClockPM MSI]
[    0.264018] acpi PNP0A03:00: fail to add MMCONFIG information, can't access extended PCI configuration space under this bridge.
[    0.268628] PCI host bridge to bus 0000:00
[    0.272011] pci_bus 0000:00: root bus resource [io  0x0000-0x0cf7 window]
[    0.276008] pci_bus 0000:00: root bus resource [io  0x0d00-0xffff window]
[    0.280008] pci_bus 0000:00: root bus resource [mem 0x000a0000-0x000bffff window]
[    0.284006] pci_bus 0000:00: root bus resource [mem 0x40000000-0xfdffffff window]
[    0.288008] pci_bus 0000:00: root bus resource [bus 00-ff]
[    0.295010] pci 0000:00:01.1: legacy IDE quirk: reg 0x10: [io  0x01f0-0x01f7]
[    0.296005] pci 0000:00:01.1: legacy IDE quirk: reg 0x14: [io  0x03f6]
[    0.300008] pci 0000:00:01.1: legacy IDE quirk: reg 0x18: [io  0x0170-0x0177]
[    0.304015] pci 0000:00:01.1: legacy IDE quirk: reg 0x1c: [io  0x0376]
[    0.327071] pci 0000:00:07.0: quirk: [io  0x4000-0x403f] claimed by PIIX4 ACPI
[    0.328029] pci 0000:00:07.0: quirk: [io  0x4100-0x410f] claimed by PIIX4 SMB
[    0.346164] ACPI: PCI Interrupt Link [LNKA] (IRQs 5 9 10 *11)
[    0.348359] ACPI: PCI Interrupt Link [LNKB] (IRQs 5 9 *10 11)
[    0.352169] ACPI: PCI Interrupt Link [LNKC] (IRQs 5 *9 10 11)
[    0.356165] ACPI: PCI Interrupt Link [LNKD] (IRQs 5 9 10 *11)
[    0.360443] SCSI subsystem initialized
[    0.364058] pci 0000:00:02.0: vgaarb: setting as boot VGA device
[    0.368000] pci 0000:00:02.0: vgaarb: VGA device added: decodes=io+mem,owns=io+mem,locks=none
[    0.368015] pci 0000:00:02.0: vgaarb: bridge control possible
[    0.372009] vgaarb: loaded
[    0.372831] ACPI: bus type USB registered
[    0.376031] usbcore: registered new interface driver usbfs
[    0.380019] usbcore: registered new interface driver hub
[    0.384036] usbcore: registered new device driver usb
[    0.388072] EDAC MC: Ver: 3.0.0
[    0.396323] PCI: Using ACPI for IRQ routing
[    0.404336] NetLabel: Initializing
[    0.405500] NetLabel:  domain hash size = 128
[    0.408002] NetLabel:  protocols = UNLABELED CIPSOv4 CALIPSO
[    0.412020] NetLabel:  unlabeled traffic allowed by default
[    0.416098] clocksource: Switched to clocksource kvm-clock
[    0.44377 V: skquotas dot6..0
[    0.705899] VFS: Dquot-cache hash table entries: 512 (order 0,4096 bytes)
[    0.753569] AppArmor: AppArmor Filesystem Enabled
[    0.756243] pnp: PnP ACPI init
[    0.761549] pnp: PnP ACPI: found 3devices

[   8004] cloksure:acpi_pmmask: 0xffffff max_cycles: 0xffffff, max_idle_ns: 2085701024 ns
[    1.062705] NE: Registered roco fmily 2

[    1.212549] TCP established hash table entries: 8192 orer4,6536 bytes)
[    1.358460] TCP bind hash table entries: 8192 (order: 5, 131072 bytes)
[    1.360627] TCP: Hash tables configured (establised 8192 bind 8192)
  1.392649 UDP hash table entries: 512 (order: 2, 16384 bytes)
[    1.531523] UDP-Lite hash tale enties:512 (order: 2, 16384 bytes)
[    1.706295] NET: Registered protocol family 1
[    1.7080] pci 0000:00:00.0: Limiting direct PCI/PCI transfers
[    1.787577] pci 0000:00:01.0: Activating ISA DMA hang workarounds
[    1.790086] pci 0000:00:02.0: Video device with shadowed ROM at [mem 0x000c0000-0x000dffff]
[    1.793546] Unpacking initramfs...

[    2.170325] Freeing initrd memory: 19672K
[    2.180893] clocksource: tsc: mask: 0xffffffffffffffff max_cycles: 0x172daa3a18b, max_idle_ns: 440795212390 ns
[    2.236887] platform rtc_cmos: registered platform RTC device (no PNP device found)
[    2.242660] Scanning for low memory corruption every 60 seconds
[    2.279074] Initialise system trusted keyrings
[    2.299278] Key type blacklist registered
[    2.300690] workingset: timestamp_bits=36 max_order=18 bucket_order=0
[    2.342996] zbud: loaded
[    2.344633] squashfs: version 4.0 (2009/01/31) Phillip Lougher
[    2.379513] fuse init (API version 7.26)
[    2.407432] Key type asymmetric registered
[    2.408520] Asymmetric key parser 'x509' registered
[    2.409760] Block layer SCSI generic (bsg) driver version 0.4 loaded (major 246)
[    2.412172] io scheduler noop registered
[    2.421351] io scheduler deadline registered
[    2.439720] io scheduler cfq registered (default)
[    2.450077] ACPI: AC Adapter [AC] (off-line)
[    2.451787] input: Power Button as /devices/LNXSYSTM:00/LNXPWRBN:00/input/input0
[    2.454946] ACPI: Power Button [PWRF]
[    2.462054] input: Sleep Button as /devices/LNXSYSTM:00/LNXSLPBN:00/input/input1
[    2.480617] ACPI: Sleep Button [SLPF]
[    2.489126] ACPI: Battery Slot [BAT0] (battery present)
[    2.522815] Serial: 8250/16550 driver, 32 ports, IRQ sharing enabled
[   2.571179] 00:02: ttyS0 at I/O 0x3f8 (irq = 4ba_bud= 1500is 155A

[    2.951087] Linux agpgart interface v0.103
[    2.956068] loop: module loaded
[    2.989721] scsi host0: ata_piix
[    2.993255] scsi host1: ata_piix
[    2.997292] ata1: PATA max UDMA/33 cmd 0x1f0 ctl 0x3f6 bmdma 0xd000 irq 14
[    2.998950] ata2: PATA max UDMA/33 cmd 0x170 ctl 0x376 bmdma 0xd008 irq 15
[    3.001933] libphy: Fixed MDIO Bus: probed
[    3.003052] tun: Universal TUN/TAP device driver, 1.6
[    3.004603] PPP generic driver version 2.4.2
[    3.006242] ehci_hcd: USB 2.0 'Enhanced' Host Controller (EHCI) Driver
[    3.009470] ehci-pci: EHCI PCI platform driver
[    3.010663] ehci-platform: EHCI generic platform driver
[    3.011958] ohci_hcd: USB 1.1 'Open' Host Controller (OHCI) Driver
[    3.013549] ohci-pci: OHCI PCI platform driver
[    3.014664] ohci-platform: OHCI generic platform driver
[    3.022141] uhci_hcd: USB Universal Host Controller Interface driver
[    3.025495] i8042: PNP: PS/2 Controller [PNP0303:PS2K,PNP0f03:PS2M] at 0x60,0x64 irq 1,12
[    3.029565] serio: i8042 KBD port at 0x60,0x64 irq 1
[    3.031463] serio: i8042 AUX port at 0x60,0x64 irq 12
[    3.033874] mousedev: PS/2 mouse device common for all mice
[    3.038561] input: AT Translated Set 2 keyboard as /devices/platform/i8042/serio0/input/input2
[    3.048344] rtc_cmos rtc_cmos: rtc core: registered rtc_cmos as rtc0
[    3.051341] rtc_cmos rtc_cmos: alarms up to one day, 114 bytes nvram
[    3.058145] i2c /dev entries driver
[    3.060372] device-mapper: uevent: version 1.0.3
[    3.062769] device-mapper: ioctl: 4.37.0-ioctl (2017-09-20) initialised: dm-devel@redhat.com
[    3.073743] ledtrig-cpu: registered to indicate activity on CPUs
[    3.078436] NET: Registered protocol family 10
[    3.092190] Segment Routing with IPv6
[    3.094295] NET: Registered protocol family 17
[    3.096966] Key type dns_resolver registered
[    3.100158] RAS: Correctable Errors collector initialized.
[    3.107796] sched_clock: Marking stable (3107746814, 0)->(8033655823, -4925909009)
[    3.112798] registered taskstats version 1
[    3.114221] Loading compiled-in X.509 certificates
[    3.135766] Loaded X.509 cert 'Build time autogenerated kernel key: e343dd3e31c9820cf0adf0156bc2eecdcfc394af'
[    3.190561] zswap: loaded using pool lzo/zbud
[    3.198468] Key type big_key registered
[    3.216713] Key type trusted registered
[    3.221692] Key type encrypted registered
[    3.223005] AppArmor: AppArmor sha1 policy hashing enabled
[    3.242093] ima: No TPM chip found, activating TPM-bypass! (rc=-19)
[    3.265662] ima: Allocated hash algorithm: sha1
[    3.267352] evm: HMAC attrs: 0x1
[    3.269455]   Magic number: 15:857:171
[    3.271028] rtc_cmos rtc_cmos: setting system clock to 2019-08-17 09:10:25 UTC (1566033025)
[    3.273905] BIOS EDD facility v0.16 2004-Jun-25, 0 devices found
[    3.279003] EDD information not available.
[    3.284967] Freeing unused kernel image memory: 2424K
[    3.320693] Write protecting the kernel read-only data: 20480k
[    3.393345] Freeing unused kernel image memory: 2008K
[    3.424647] Freeing unused kernel image memory: 1864K
[    3.439471] x86/mm: Checked W+X mappings: passed, no W+X pages found.
[    3.529402] x86/mm: Checking user space page tables
[    3.539457] x86/mm: Checked W+X mappings: passed, no W+X pages found.
Loading, please wait...
starting version 237
[    3.621127] Fusion MPT base driver 3.04.20
[    3.621131] e1000: Intel(R) PRO/1000 Network Driver - version 7.3.21-k8-NAPI
[    3.622316] Copyright (c) 1999-2008 LSI Corporation
[    3.624654] e1000: Copyright (c) 1999-2006 Intel Corporation.
[    3.640948] Fusion MPT SPI Host driver 3.04.20
[    3.647974] AVX2 version of gcm_enc/dec engaged.
[    3.648400] mptbase: ioc0: Initiating bringup
[    3.649351] AES CTR mode by8 optimization enabled
[    3.748868] ioc0: LSI53C1030 A0: Capabilities={Initiator}
[    3.848081] input: ImExPS/2 Generic Explorer Mouse as /devices/platform/i8042/serio1/input/input4
[    4.015667] scsi host2: ioc0: LSI53C1030 A0, FwRev=00000000h, Ports=1, MaxQ=256, IRQ=20
[    4.184754] scsi 2:0:0:0: Direct-Access     VBOX     HARDDISK         1.0  PQ: 0 ANSI: 5
[    4.212243] scsi target2:0:0: Beginning Domain Validation
[    4.218402] scsi target2:0:0: Domain Validation skipping write tests
[    4.220920] scsi target2:0:0: Ending Domain Validation
[    4.222915] scsi target2:0:0: asynchronous
[    4.252069] scsi 2:0:1:0: Direct-Access     VBOX     HARDDISK         1.0  PQ: 0 ANSI: 5
[    4.603828] scsi target2:0:1: Beginning Domain Validation
[    4.621614] random: fast init done
[    4.623458] scsi target2:0:1: Domain Validation skipping write tests
[    4.631002] scsi target2:0:1: Ending Domain Validation
[    4.632836] scsi target2:0:1: asynchronous
[    4.634583] random: systemd-udevd: uninitialized urandom read (16 bytes read)
[    4.640792] sd 2:0:0:0: Attached scsi generic sg0 type 0
[    4.644925] e1000 0000:00:03.0 eth0: (PCI:33MHz:32-bit) 02:54:57:2b:5c:0a
[    4.646286] sd 2:0:1:0: Attached scsi generic sg1 type 0
[    4.648346] e1000 0000:00:03.0 eth0: Intel(R) PRO/1000 Network Connection
[    4.650197] sd 2:0:1:0: [sdb] 20480 512-byte logical blocks: (10.5 MB/10.0 MiB)
[    4.654057] random: systemd-udevd: uninitialized urandom read (16 bytes read)
[    4.656048] sd 2:0:1:0: [sdb] Write Protect is off
[    4.657693] random: systemd-udevd: uninitialized urandom read (16 bytes read)
[    4.661082] sd 2:0:0:0: [sda] 20971520 512-byte logical blocks: (10.7 GB/10.0 GiB)
[    4.661208] sd 2:0:1:0: [sdb] Incomplete mode parameter data
[    4.665099] sd 2:0:0:0: [sda] Write Protect is off
[    4.716782] sd 2:0:1:0: [sdb] Assuming drive cache: write through
[    4.724191] sd 2:0:0:0: [sda] Incomplete mode parameter data
[    4.727717] sd 2:0:1:0: [sdb] Attached SCSI disk
[    4.736227] sd 2:0:0:0: [sda] Assuming drive cache: write through
[    4.822298]  sda: sda1
[    4.824027] sd 2:0:0:0: [sda] Attached SCSI disk
[    5.204701] e1000 0000:00:08.0 eth1: (PCI:33MHz:32-bit) 08:00:27:09:74:80
[    5.244596] e1000 0000:00:08.0 eth1: Intel(R) PRO/1000 Network Connection
[    5.255720] e1000 0000:00:08.0 enp0s8: renamed from eth1
[    5.273506] e1000 0000:00:03.0 enp0s3: renamed from eth0
Begin: Loading essential drivers ... [    6.772155] raid6: sse2x1   gen() 10481 MB/s
[    6.840362] raid6: sse2x1   xor()  7511 MB/s
[    6.904165] raid6: sse2x2   gen() 14710 MB/s
[    6.956059] raid6: sse2x2   xor()  9916 MB/s
[    7.032205] raid6: sse2x4   gen() 17050 MB/s
[    7.108615] raid6: sse2x4   xor() 10274 MB/s
[    7.184088] raid6: avx2x1   gen() 19053 MB/s
[    7.240415] raid6: avx2x1   xor() 12228 MB/s
[    7.288282] raid6: avx2x2   gen() 22854 MB/s
[    7.340520] raid6: avx2x2   xor() 14167 MB/s
[    7.388650] raid6: avx2x4   gen() 27077 MB/s
[    7.440260] raid6: avx2x4   xor() 15758 MB/s
[    7.458645] raid6: using algorithm avx2x4 gen() 27077 MB/s
[    7.472657] raid6: .... xor() 15758 MB/s, rmw enabled
[    7.479901] raid6: using avx2x2 recovery algorithm
[    7.482981] xor: automatically using best checksumming function   avx       
[    7.486597] async_tx: api initialized (async)
done.
Begin: Running /scripts/init-premount ... done.
Begin: Mounting root file system ... Begin: Running /scripts/local-top ... done.
Begin: Running /scripts/local-premount ... [    7.598267] Btrfs loaded, crc32c=crc32c-intel
Scanning for Btrfs filesystems
done.
Warning: fsck no[    7.647555] EXT4-fs (sda1): mounted filesystem with ordered data mode. Opts: (null)
t present, so skipping root file system
done.
Begin: Running /scripts/local-bottom ... done.
Begin: Running /scripts/init-bottom ... done.
[    7.898964] ip_tables: (C) 2000-2006 Netfilter Core Team
[    7.956526] systemd[1]: systemd 237 running in system mode. (+PAM +AUDIT +SELINUX +IMA +APPARMOR +SMACK +SYSVINIT +UTMP +LIBCRYPTSETUP +GCRYPT +GNUTLS +ACL +XZ +LZ4 +SECCOMP +BLKID +ELFUTILS +KMOD -IDN2 +IDN -PCRE2 default-hierarchy=hybrid)
[    8.041637] systemd[1]: Detected virtualization oracle.
[    8.090447] systemd[1]: Detected architecture x86-64.

Welcome to [1mUbuntu 18.04.2 LTS[0m!

[    8.126292] systemd[1]: Set hostname to <ubuntu-bionic>.
[    8.592529] systemd[1]: Reached target System Time Synchronized.
[[0;32m  OK  [0m] Reached target System Time Synchronized.
[    8.597238] systemd[1]: Reached target User and Group Name Lookups.
[[0;32m  OK  [0m] Reached target User and Group Name Lookups.
[    8.601915] systemd[1]: Started Forward Password Requests to Wall Directory Watch.
[[0;32m  OK  [0m] Started Forward Password Requests to Wall Directory Watch.
[    8.633552] systemd[1]: Reached target Swap.
[[0;32m  OK  [0m] Reached target Swap.
[    8.641059] systemd[1]: Created slice User and Session Slice.
[[0;32m  OK  [0m] Created slice User and Session Slice.
[    8.660202] systemd[1]: Created slice System Slice.
[[0;32m  OK  [0m] Created slice System Slice.
[[0;32m  OK  [0m] Listening on LVM2 poll daemon socket.
[[0;32m  OK  [0m] Listening on udev Kernel Socket.
[[0;32m  OK  [0m] Listening on Journal Audit Socket.
[[0;32m  OK  [0m] Listening on Device-mapper event daemon FIFOs.
[[0;32m  OK  [0m] Listening on udev Control Socket.
[[0;32m  OK  [0m] Reached target Slices.
[[0;32m  OK  [0m] Listening on Syslog Socket.
[[0;32m  OK  [0m] Listening on LVM2 metadata daemon socket.
[[0;32m  OK  [0m] Listening on /dev/initctl Compatibility Named Pipe.
[[0;32m  OK  [0m] Listening on Journal Socket (/dev/log).
[[0;32m  OK  [0m] Set up automount Arbitrary Executabâ€¦rmats File System Automount Point.
[[0;32m  OK  [0m] Created slice system-serial\x2dgetty.slice.
[[0;32m  OK  [0m] Listening on Network Service Netlink Socket.
[[0;32m  OK  [0m] Listening on Journal Socket.
         Mounting Kernel Debug File System...
         Starting Monitoring of LVM2 mirrorsâ€¦ng dmeventd or progress polling...
         Starting Load Kernel Modules...
         Starting udev Coldplug all Devices...
         Starting Set the console keyboard layout...
         Starting Uncomplicated firewall...
         Mounting POSIX Message Queue File Syste[    9.512594] Loading iSCSI transport class v2.0-870.
m...
         Starting Remount Root and Kernel File Systems...
         Starting Create list of[    9.542674] iscsi: registered transport (tcp)
 required stâ€¦ce nodes for the current kernel...
         Mounting Huge Pages File System...
         Starting Journal Service...
[[0;32m  OK  [[    9.568935] EXT4-fs (sda1): re-mounted. Opts: (null)
0m] Mounted Kernel Debug File System.
[[0;32m  OK  [0m] Started Uncomplicated firewall.
[[0;32m  OK  [0m] Mounted POSIX Message Queue File System.
[[0;32m  OK  [0m] Started Create list of required staâ€¦vice nodes for the current kernel.
[[0;32m  OK  [0m] Started Remount Root and Kernel File Systems.
[[0;32m  OK  [0m] Mounted Huge Pages File System.
[[0;32m  OK  [0m] Started LVM2 metadata daemon.
         Starting Load/Save Random Seed...
         Starting Create Static Device Nodes in /dev...
[[0;32m  OK  [0m] Started Journal Service.
         Starting Flush Journal to Persistent Storage...
[[0;32m  OK  [[    9.667555] iscsi: registered transport (iser)
0m] Started udev Coldplug all Devices.
[[0;32m  OK  [0m] Started Load Kernel Modules.
         Starting Apply Kernel Variables...
         Mounting FUSE Control File System...
         Mounting Kernel Configuration File System...
[[0;32m  OK  [0m] Mounted FUSE Control File System.
[[0;32m  OK  [0m] Mounted Kernel Configuration File System.
[[0;32m  OK  [0m] Started Load/Save Random Seed.
[[0;32m  OK  [0m] Started Monitoring of LVM2 mirrors,â€¦sing dmeventd or progress polling.
[    9.739779] systemd-journald[417]: Received request to flush runtime journal from PID 1
[[0;32m  OK  [0m] Started Set the console keyboard layout.
[[0;32m  OK  [0m] Started Create Static Device Nodes in /dev.
         Starting udev Kernel Device Manager...
[[0;32m  OK  [0m] Reached target Local File Systems (Pre).
[[0;32m  OK  [0m] Reached target Local File Systems.
         Starting Tell Plymouth To Write Out Runtime Data...
         Starting AppArmor initialization...
         Starting ebtables ruleset management...
         Starting Set console font and keymap...
[[0;32m  OK  [0m] Started Apply Kernel Variables.
[[0;32m  OK  [0m] Started udev Kernel Device Manager.
[[0;32m  OK  [0m] Started Dispatch Password Requests to Console Directory Watch.
[[0;32m  OK  [0m] Reached target Local Encrypted Volumes.
[[0;32m  OK  [0m] Started Tell Plymouth To Write Out Runtime Data.
[[0;32m  OK  [0m] Started Set console font and keymap.
[[0;32m  OK  [0m] Started Flush Journal to Persistent Storage.
         Starting Create Volatile Files and Directories...
[[0;32m  OK  [0m] Started ebtables ruleset management.
[[0;32m  OK  [0m] Started Create Volatile Files and Directories.
         Starting Update UTMP about System Boot/Shutdown...
[[0;32m  OK  [0m] Started Update UTMP about System Boot/Shutdown.
[[0;32m  OK  [0m] Found device /dev/ttyS0.
[[0;32m  OK  [0m] Started AppArmor initialization.
         Starting Initial cloud-init job (pre-networking)...
[[0;32m  OK  [0m] Listening on Load/Save RF Kill Switch Status /dev/rfkill Watch.
[   13.480773] cloud-init[536]: Cloud-init v. 19.1-1-gbaa47854-0ubuntu1~18.04.1 running 'init-local' at Sat, 17 Aug 2019 09:10:35 +0000. Up 13.21 seconds.
[[0;32m  OK  [0m] Started Initial cloud-init job (pre-networking).
[[0;32m  OK  [0m] Reached target Network (Pre).
         Starting Network Service...
[[0;32m  OK  [0m] Started Network Service.
         Starting Network Name Resolution...
         Starting Wait for Network to be Configured...
[[0;32m  OK  [0m] Started Network Name Resolution.
[[0;32m  OK  [0m] Reached target Network.
[[0;32m  OK  [0m] Reached target Host and Network Name Lookups.
[[0;32m  OK  [0m] Started Wait for Network to be Configured.
         Starting Initial cloud-init job (metadata service crawler)...
[   16.864503] cloud-init[713]: Cloud-init v. 19.1-1-gbaa47854-0ubuntu1~18.04.1 running 'init' at Sat, 17 Aug 2019 09:10:38 +0000. Up 16.43 seconds.
[   16.871561] cloud-init[713]: ci-info: ++++++++++++++++++++++++++++++++++++++Net device info+++++++++++++++++++++++++++++++++++++++
[   16.879393] cloud-init[713]: ci-info: +--------+------+-----------------------------+---------------+--------+-------------------+
[   16.889359] cloud-init[713]: ci-info: | Device |  Up  |           Address           |      Mask     | Scope  |     Hw-Address    |
[   16.902464] cloud-init[713]: ci-info: +--------+------+-----------------------------+---------------+--------+-------------------+
[   16.935183] cloud-init[713]: ci-info: | enp0s3 | True |          10.0.2.15          | 255.255.255.0 | global | 02:54:57:2b:5c:0a |
[   16.952734] cloud-init[713]: ci-info: | enp0s3 | True |  fe80::54:57ff:fe2b:5c0a/64 |       .       |  link  | 02:54:57:2b:5c:0a |
[   16.966515] cloud-init[713]: ci-info: | enp0s8 | True |        192.168.33.10        | 255.255.255.0 | global | 08:00:27:09:74:80 |
[   16.980023] cloud-init[713]: ci-info: | enp0s8 | True | fe80::a00:27ff:fe09:7480/64 |       .       |  link  | 08:00:27:09:74:80 |
[   16.994058] cloud-init[713]: ci-info: |   lo   | True |          127.0.0.1          |   255.0.0.0   |  host  |         .         |
[   17.012467] cloud-init[713]: ci-info: |   lo   | True |           ::1/128           |       .       |  host  |         .         |
[   17.031341] cloud-init[713]: ci-info: +--------+------+-----------------------------+---------------+--------+-------------------+
[   17.053894] cloud-init[713]: ci-info: +++++++++++++++++++++++++++++Route IPv4 info+++++++++++++++++++++++++++++
[   17.081751] cloud-init[713]: ci-info: +-------+--------------+----------+-----------------+-----------+-------+
[   17.091825] cloud-init[713]: ci-info: | Route | Destination  | Gateway  |     Genmask     | Interface | Flags |
[   17.102865] cloud-init[713]: ci-info: +-------+--------------+----------+-----------------+-----------+-------+
[   17.158099] cloud-init[713]: ci-info: |   0   |   0.0.0.0    | 10.0.2.2 |     0.0.0.0     |   enp0s3  |   UG  |
[   17.170745] cloud-init[713]: ci-info: |   1   |   10.0.2.0   | 0.0.0.0  |  255.255.255.0  |   enp0s3  |   U   |
[   17.177262] cloud-init[713]: ci-info: |   2   |   10.0.2.2   | 0.0.0.0  | 255.255.255.255 |   enp0s3  |   UH  |
[   17.184601] cloud-init[713]: ci-info: |   3   | 192.168.33.0 | 0.0.0.0  |  255.255.255.0  |   enp0s8  |   U   |
[   17.191852] cloud-init[713]: ci-info: +-------+--------------+----------+-----------------+-----------+-------+
[   17.203624] cloud-init[713]: ci-info: +++++++++++++++++++Route IPv6 info+++++++++++++++++++
[   17.206923] cloud-init[713]: ci-info: +-------+-------------+---------+-----------+-------+
[   17.212652] cloud-init[713]: ci-info: | Route | Destination | Gateway | Interface | Flags |
[   17.218718] cloud-init[713]: ci-info: +-------+-------------+---------+-----------+-------+
[   17.229707] cloud-init[713]: ci-info: |   1   |  fe80::/64  |    ::   |   enp0s8  |   U   |
[   17.261104] cloud-init[713]: ci-info: |   2   |  fe80::/64  |    ::   |   enp0s3  |   U   |
[   17.274371] cloud-init[713]: ci-info: |   4   |    local    |    ::   |   enp0s3  |   U   |
[   17.279807] cloud-init[713]: ci-info: |   5   |    local    |    ::   |   enp0s8  |   U   |
[   17.344426] cloud-init[713]: ci-info: |   6   |   ff00::/8  |    ::   |   enp0s8  |   U   |
[   17.445091] cloud-init[713]: ci-info: |   7   |   ff00::/8  |    ::   |   enp0s3  |   U   |
[   17.464509] cloud-init[713]: ci-info: +-------+-------------+---------+-----------+-------+
[[0;32m  OK  [0m] Started Initial cloud-init job (metadata service crawler).
[[0;32m  OK  [0m] Reached target Network is Online.
[[0;32m  OK  [0m] Reached target Remote File Systems (Pre).
[[0;32m  OK  [0m] Reached target Remote File Systems.
         Starting Availability of block devices...
[[0;32m  OK  [0m] Reached target System Initialization.
[[0;32m  OK  [0m] Started Discard unused blocks once a week.
[[0;32m  OK  [0m] Started Daily Cleanup of Temporary Directories.
[[0;32m  OK  [0m] Listening on D-Bus System Message Bus Socket.
[[0;32m  OK  [0m] Started Daily apt download activities.
[[0;32m  OK  [0m] Started Daily apt upgrade and clean activities.
[[0;32m  OK  [0m] Started Message of the Day.
[[0;32m  OK  [0m] Reached target Timers.
         Starting Socket activation for snappy daemon.
         Starting LXD - unix socket.
[[0;32m  OK  [0m] Listening on ACPID Listen Socket.
[[0;32m  OK  [0m] Listening on UUID daemon activation socket.
[[0;32m  OK  [0m] Started ACPI Events Check.
[[0;32m  OK  [0m] Reached target Paths.
[[0;32m  OK  [0m] Listening on Open-iSCSI iscsid Socket.
[[0;32m  OK  [0m] Reached target Cloud-config availability.
[[0;32m  OK  [0m] Started Availability of block devices.
[[0;32m  OK  [0m] Listening on Socket activation for snappy daemon.
[[0;32m  OK  [0m] Listening on LXD - unix socket.
[[0;32m  OK  [0m] Reached target Sockets.
[[0;32m  OK  [0m] Reached target Basic System.
[[0;32m  OK  [0m] Started irqbalance daemon.
         Starting vboxadd.service...
[[0;32m  OK  [0m] Started D-Bus System Message Bus.
         Starting Permit User Sessions...
[[0;32m  OK  [0m] Started Regular background program processing daemon.
         Starting LXD - container startup/shutdown...
[[0;32m  OK  [0m] Started FUSE filesystem for LXC.
         Starting Dispatcher daemon for systemd-networkd...
         Starting LSB: Record successful boot for GRUB...
         Starting LSB: automatic crash report generation...
[[0;32m  OK  [0m] Started Deferred execution scheduler.
         Starting Accounts Service...
         Starting Snappy daemon...
         Starting System Logging Service...
         Starting OpenBSD Secure Shell server...
         Starting Login Service...
[[0;32m  OK  [0m] Started System Logging Service.
[[0;32m  OK  [0m] Started Permit User Sessions.
         Starting Authorization Manager...
         Starting Hold until boot process finishes up...
         Starting Terminate Plymouth Boot Screen...
[[0;32m  OK  [0m] Started Hold until boot process finishes up.
         Starting Set console scheme...
[[0;32m  OK  [0m] Started Serial Getty on ttyS0.
[[0;32m  OK  [0m] Started Terminate Plymouth Boot Screen.
[[0;32m  OK  [0m] Started LXD - container startup/shutdown.
[[0;32m  OK  [0m] Started Set console scheme.
[[0;32m  OK  [0m] Created slice system-getty.slice.
[[0;32m  OK  [0m] Started Getty on tty1.
[[0;32m  OK  [0m] Reached target Login Prompts.
[[0;32m  OK  [0m] Started LSB: Record successful boot for GRUB.
[[0;32m  OK  [0m] Started LSB: automatic crash report generation.
[[0;32m  OK  [0m] Started Login Service.
[[0;32m  OK  [0m] Started Unattended Upgrades Shutdown.
[[0;32m  OK  [0m] Started OpenBSD Secure Shell server.
[[0;32m  OK  [0m] Started Authorization Manager.
[[0;32m  OK  [0m] Started Accounts Service.
[[0;32m  OK  [0m] Started Dispatcher daemon for systemd-networkd.
[[0;32m  OK  [0m] Started Snappy daemon.
[[0;32m  OK  [0m] Started vboxadd.service.
         Starting vboxadd-service.service...
         Starting Wait until snapd is fully seeded...
[[0;32m  OK  [0m] Started vboxadd-service.service.
[[0;32m  OK  [0m] Started Wait until snapd is fully seeded.
         Starting Apply the settings specified in cloud-config...
[[0;32m  OK  [0m] Reached target Multi-User System.
[[0;32m  OK  [0m] Reached target Graphical Interface.
         Starting Update UTMP about System Runlevel Changes...
[[0;32m  OK  [0m] Started Update UTMP about System Runlevel Changes.
[   21.167691] cloud-init[1064]: Cloud-init v. 19.1-1-gbaa47854-0ubuntu1~18.04.1 running 'modules:config' at Sat, 17 Aug 2019 09:10:43 +0000. Up 20.98 seconds.
[[0;32m  OK  [0m] Started Apply the settings specified in cloud-config.
         Starting Execute cloud user/final scripts...
[   22.657159] cloud-init[1106]: Cloud-init v. 19.1-1-gbaa47854-0ubuntu1~18.04.1 running 'modules:final' at Sat, 17 Aug 2019 09:10:44 +0000. Up 22.33 seconds.
[   22.673902] cloud-init[1106]: Cloud-init v. 19.1-1-gbaa47854-0ubuntu1~18.04.1 finished at Sat, 17 Aug 2019 09:10:44 +0000. Datasource DataSourceNoCloud [seed=/dev/sdb][dsmode=net].  Up 22.64 seconds
[[0;32m  OK  [0m] Started Execute cloud user/final scripts.
[[0;32m  OK  [0m] Reached target Cloud-init target.

Ubuntu 18.04.2 LTS ubuntu-bionic ttyS0

ubuntu-bionic login: 